------------------------------------------------------------
TimeQuest Timing Analyzer Summary
------------------------------------------------------------

Type  : Slow 1100mV 85C Model Setup 'clk'
Slack : -2.019
TNS   : -62.171

Type  : Slow 1100mV 85C Model Hold 'clk'
Slack : 0.383
TNS   : 0.000

Type  : Slow 1100mV 85C Model Minimum Pulse Width 'clk'
Slack : -0.538
TNS   : -34.796

Type  : Slow 1100mV 0C Model Setup 'clk'
Slack : -2.161
TNS   : -63.638

Type  : Slow 1100mV 0C Model Hold 'clk'
Slack : 0.361
TNS   : 0.000

Type  : Slow 1100mV 0C Model Minimum Pulse Width 'clk'
Slack : -0.538
TNS   : -35.517

Type  : Fast 1100mV 85C Model Setup 'clk'
Slack : -0.356
TNS   : -5.686

Type  : Fast 1100mV 85C Model Hold 'clk'
Slack : 0.180
TNS   : 0.000

Type  : Fast 1100mV 85C Model Minimum Pulse Width 'clk'
Slack : -0.100
TNS   : -4.265

Type  : Fast 1100mV 0C Model Setup 'clk'
Slack : -0.280
TNS   : -3.204

Type  : Fast 1100mV 0C Model Hold 'clk'
Slack : 0.172
TNS   : 0.000

Type  : Fast 1100mV 0C Model Minimum Pulse Width 'clk'
Slack : -0.099
TNS   : -4.282

------------------------------------------------------------
