------------------------------------------------------------
TimeQuest Timing Analyzer Summary
------------------------------------------------------------

Type  : Slow 1100mV 85C Model Setup 'clk'
Slack : -2.977
TNS   : -1477.151

Type  : Slow 1100mV 85C Model Hold 'clk'
Slack : 0.331
TNS   : 0.000

Type  : Slow 1100mV 85C Model Minimum Pulse Width 'clk'
Slack : -2.636
TNS   : -4143.690

Type  : Slow 1100mV 0C Model Setup 'clk'
Slack : -3.042
TNS   : -1349.578

Type  : Slow 1100mV 0C Model Hold 'clk'
Slack : 0.307
TNS   : 0.000

Type  : Slow 1100mV 0C Model Minimum Pulse Width 'clk'
Slack : -2.636
TNS   : -4148.520

Type  : Fast 1100mV 85C Model Setup 'clk'
Slack : -1.223
TNS   : -313.690

Type  : Fast 1100mV 85C Model Hold 'clk'
Slack : 0.175
TNS   : 0.000

Type  : Fast 1100mV 85C Model Minimum Pulse Width 'clk'
Slack : -2.174
TNS   : -3266.536

Type  : Fast 1100mV 0C Model Setup 'clk'
Slack : -0.945
TNS   : -183.737

Type  : Fast 1100mV 0C Model Hold 'clk'
Slack : 0.160
TNS   : 0.000

Type  : Fast 1100mV 0C Model Minimum Pulse Width 'clk'
Slack : -2.174
TNS   : -3268.670

------------------------------------------------------------
