------------------------------------------------------------
TimeQuest Timing Analyzer Summary
------------------------------------------------------------

Type  : Slow 1100mV 85C Model Setup 'clk'
Slack : -2.210
TNS   : -94.495

Type  : Slow 1100mV 85C Model Hold 'clk'
Slack : 0.383
TNS   : 0.000

Type  : Slow 1100mV 85C Model Minimum Pulse Width 'clk'
Slack : -0.538
TNS   : -46.457

Type  : Slow 1100mV 0C Model Setup 'clk'
Slack : -2.190
TNS   : -93.906

Type  : Slow 1100mV 0C Model Hold 'clk'
Slack : 0.358
TNS   : 0.000

Type  : Slow 1100mV 0C Model Minimum Pulse Width 'clk'
Slack : -0.538
TNS   : -47.136

Type  : Fast 1100mV 85C Model Setup 'clk'
Slack : -0.543
TNS   : -15.072

Type  : Fast 1100mV 85C Model Hold 'clk'
Slack : 0.180
TNS   : 0.000

Type  : Fast 1100mV 85C Model Minimum Pulse Width 'clk'
Slack : -0.100
TNS   : -5.773

Type  : Fast 1100mV 0C Model Setup 'clk'
Slack : -0.430
TNS   : -10.044

Type  : Fast 1100mV 0C Model Hold 'clk'
Slack : 0.171
TNS   : 0.000

Type  : Fast 1100mV 0C Model Minimum Pulse Width 'clk'
Slack : -0.098
TNS   : -5.742

------------------------------------------------------------
