------------------------------------------------------------
TimeQuest Timing Analyzer Summary
------------------------------------------------------------

Type  : Slow 1100mV 85C Model Setup 'clk'
Slack : -2.039
TNS   : -64.122

Type  : Slow 1100mV 85C Model Hold 'clk'
Slack : 0.240
TNS   : 0.000

Type  : Slow 1100mV 85C Model Minimum Pulse Width 'clk'
Slack : -0.538
TNS   : -37.851

Type  : Slow 1100mV 0C Model Setup 'clk'
Slack : -2.204
TNS   : -65.249

Type  : Slow 1100mV 0C Model Hold 'clk'
Slack : 0.224
TNS   : 0.000

Type  : Slow 1100mV 0C Model Minimum Pulse Width 'clk'
Slack : -0.538
TNS   : -38.756

Type  : Fast 1100mV 85C Model Setup 'clk'
Slack : -0.452
TNS   : -7.457

Type  : Fast 1100mV 85C Model Hold 'clk'
Slack : 0.129
TNS   : 0.000

Type  : Fast 1100mV 85C Model Minimum Pulse Width 'clk'
Slack : -0.100
TNS   : -4.606

Type  : Fast 1100mV 0C Model Setup 'clk'
Slack : -0.336
TNS   : -4.711

Type  : Fast 1100mV 0C Model Hold 'clk'
Slack : 0.114
TNS   : 0.000

Type  : Fast 1100mV 0C Model Minimum Pulse Width 'clk'
Slack : -0.099
TNS   : -4.653

------------------------------------------------------------
